Microchip MPLAB XC8 Compiler V2.05 ()

Linker command line:

-W-3 --edf=/opt/microchip/xc8/v2.05/pic/dat/en_msgs.txt -cs \
  -h+dist/default/production/mphase.production.sym \
  --cmf=dist/default/production/mphase.production.cmf -z -Q18F45K80 \
  -o/tmp/xcXBfHU7v --defsym=__MPLAB_BUILD=1 \
  -Mdist/default/production/mphase.production.map -E1 -ver=XC8 --acfsm=1493 \
  -ASTACK=0352h-0E40h -pstack=STACK -ACODE=00h-07FFFh -ACONST=00h-07FFFh \
  -ASMALLCONST=0F00h-0FFFhx113 -AMEDIUMCONST=0F00h-07FFFh -ACOMRAM=01h-05Fh \
  -AABS1=00h-0E40h -ABIGRAM=01h-0E40h \
  -ARAM=060h-0FFh,0100h-01FFhx13,0E00h-0E40h -ABANK0=060h-0FFh \
  -ABANK1=0100h-01FFh -ABANK2=0200h-02FFh -ABANK3=0300h-03FFh \
  -ABANK4=0400h-04FFh -ABANK5=0500h-05FFh -ABANK6=0600h-06FFh \
  -ABANK7=0700h-07FFh -ABANK8=0800h-08FFh -ABANK9=0900h-09FFh \
  -ABANK10=0A00h-0AFFh -ABANK11=0B00h-0BFFh -ABANK12=0C00h-0CFFh \
  -ABANK13=0D00h-0DFFh -ABANK14=0E00h-0E40h \
  -ASFR=0E41h-0EFFh,0F00h-0F5Fh,0F60h-0FFFh \
  -preset_vec=00h,intcode=08h,intcodelo=018h,powerup,init -pramtop=0F00h \
  -psmallconst=SMALLCONST -pmediumconst=MEDIUMCONST -pconst=CONST \
  -AFARRAM=00h-00h -ACONFIG=0300000h-030000Dh -pconfig=CONFIG \
  -AIDLOC=0200000h-0200007h -pidloc=IDLOC -AEEDATA=0F00000h-0F003FFh \
  -peeprom_data=EEDATA \
  -prdata=COMRAM,nvrram=COMRAM,nvbit=COMRAM,rbss=COMRAM,rbit=COMRAM \
  -pfarbss=FARRAM,fardata=FARRAM,nvFARRAM=FARRAM \
  -pintsave_regs=BIGRAM,bigbss=BIGRAM,bigdata=BIGRAM -pbss=RAM \
  -pidata=CODE,irdata=CODE,ibigdata=CODE,ifardata=CODE -prparam=COMRAM \
  /tmp/xcX50JHQy.o dist/default/production/mphase.production.o 

Object code version is 3.11

Machine type is 18F45K80

Call graph: (short form)




                Name                               Link     Load   Length Selector   Space Scale
/tmp/xcX50JHQy.o
                init                                 70       70        4        C       0
                reset_vec                             0        0        4        0       0
                idloc                            200000   200000        8   200000       0
                config                           300000   300000        E   300000       0
dist/default/production/mphase.production.o
                intcodelo                            18       18       58        C       0
                intcode                               8        8        6        4       0
                temp                                 4D       4D        1        1       1
                mediumconst                        7CF6     7CF6      30A     3E7B       0
                text123                            574E     574E       3C     2930       0
                text122                            5B50     5B50       2C     2930       0
                text121                            5C20     5C20       28     2930       0
                text120                            5B24     5B24       2C     2930       0
                text119                            5E92     5E92       10     2930       0
                text118                            5DA8     5DA8       22     2930       0
                text117                            5F66     5F66        8     2930       0
                text116                            5F5E     5F5E        8     2930       0
                text115                            5D86     5D86       22     2930       0
                text114                            5F56     5F56        8     2930       0
                text113                            5F4E     5F4E        8     2930       0
                text112                            5D64     5D64       22     2930       0
                text111                            5F46     5F46        8     2930       0
                text110                            5F3E     5F3E        8     2930       0
                text109                            5D42     5D42       22     2930       0
                text108                            5F36     5F36        8     2930       0
                text107                            5712     5712       3C     2930       0
                text106                            5AF8     5AF8       2C     2930       0
                text105                            5DCA     5DCA       1E     2930       0
                text104                            5E20     5E20       1C     2930       0
                text103                            56D6     56D6       3C     2930       0
                intcode_body                       49F0     49F0       D2        C       0
                text101                            530C     530C       56     2930       0
                text100                            5F6E     5F6E        6     2930       0
                text99                             5E04     5E04       1C     2930       0
                text98                             5A6E     5A6E       30     2930       0
                text96                             5F88     5F88        4     2930       0
                text95                             5F84     5F84        4     2930       0
                text94                             5EB0     5EB0        E     2930       0
                text93                             5ACC     5ACC       2C     2930       0
                text92                             5F80     5F80        4     2930       0
                text91                             490C     490C       E4        C       0
                text90                             58A6     58A6       38     2930       0
                text89                             5BA6     5BA6       2A     2930       0
                text88                             5D20     5D20       22     2930       0
                text87                             5DE8     5DE8       1C     2930       0
                text86                             50D2     50D2       7A        C       0
                text85                             5F7C     5F7C        4     2930       0
                text84                             5F78     5F78        4     2930       0
                text83                             5A3E     5A3E       30     2930       0
                text82                             5C48     5C48       26     2930       0
                text81                             5A0E     5A0E       30     2930       0
                text80                             5698     5698       3E     2930       0
                text79                             436A     436A      140        C       0
                text78                             586E     586E       38     2930       0
                text77                             5F2C     5F2C        A     2930       0
                text76                             4E7E     4E7E       A0        C       0
                text75                             5836     5836       38     2930       0
                text74                             5618     5618       42     2930       0
                text73                             4F1E     4F1E       96        C       0
                text72                             54F0     54F0       4E     2930       0
                text71                             40E2     40E2      148        C       0
                text70                             45E8     45E8      124        C       0
                text69                             597C     597C       32     2930       0
                text68                             37A4     37A4      248        C       0
                text67                             3F5E     3F5E      184        C       0
                text66                             44AA     44AA      13E        C       0
                text65                             4826     4826       E6        C       0
                text64                             4B92     4B92       CE        C       0
                text63                             4DD0     4DD0       AE        C       0
                text62                             3C22     3C22      1B6        C       0
                text61                             5948     5948       34     2930       0
                text60                             59DE     59DE       30     2930       0
                text59                             59AE     59AE       30     2930       0
                text58                             5588     5588       4A     2930       0
                text57                             39EC     39EC      236        C       0
                text56                              F80      F80      E8A        C       0
                text55                             52B6     52B6       56     2930       0
                text54                             5BF8     5BF8       28     2930       0
                text53                             5CDA     5CDA       24     2930       0
                text52                             5CB6     5CB6       24     2930       0
                text51                             5C92     5C92       24     2930       0
                text50                             5E54     5E54       18     2930       0
                text49                             5C6E     5C6E       24     2930       0
                text48                             4C60     4C60       BC        C       0
                text47                             351A     351A      28A        C       0
                text46                             5048     5048       8A        C       0
                text45                             4AC2     4AC2       D0        C       0
                text44                             2B7A     2B7A      354        C       0
                text43                             5A9E     5A9E       2E     2930       0
                text42                             5260     5260       56     2930       0
                text41                             422A     422A      140        C       0
                text40                             51AA     51AA       5C        C       0
                text39                             5CFE     5CFE       22     2930       0
                text38                             1E0A     1E0A      D70        C       0
                text37                             5BD0     5BD0       28     2930       0
                text36                             320E     320E      30C        C       0
                text35                             55D2     55D2       46     2930       0
                text34                             2ECE     2ECE      340        C       0
                text33                             5914     5914       34     2930       0
                text32                             58DE     58DE       36     2930       0
                text31                             5404     5404       50     2930       0
                text30                             53B4     53B4       50     2930       0
                text29                             4D1C     4D1C       B4        C       0
                text28                             470C     470C      11A        C       0
                text27                             3DD8     3DD8      186        C       0
                text26                             5362     5362       52     2930       0
                text25                             4FB4     4FB4       94        C       0
                text24                               74       74      F0C        C       0
                text23                             5F74     5F74        4     2930       0
                text22                             5F22     5F22        A     2930       0
                text21                             5F18     5F18        A     2930       0
                text20                             54A2     54A2       4E     2930       0
                text19                             5F0E     5F0E        A     2930       0
                text18                             5F04     5F04        A     2930       0
                text17                             5454     5454       4E     2930       0
                text16                             5EFA     5EFA        A     2930       0
                text15                             5EF0     5EF0        A     2930       0
                text14                             5EE6     5EE6        A     2930       0
                text13                             5EDC     5EDC        A     2930       0
                text12                             553E     553E       4A     2930       0
                text11                             5E3C     5E3C       18     2930       0
                text10                             5E80     5E80       12     2930       0
                text9                              57FE     57FE       38     2930       0
                text8                              5EA2     5EA2        E     2930       0
                text7                              5ED2     5ED2        A     2930       0
                text6                              565A     565A       3E     2930       0
                text5                              5EC8     5EC8        A     2930       0
                text4                              57C4     57C4       3A     2930       0
                text3                              5EBE     5EBE        A     2930       0
                text2                              578A     578A       3A     2930       0
                text1                              5B7C     5B7C       2A     2930       0
                text0                              5E6C     5E6C       14     2930       0
                cstackCOMRAM                          1        1       3A        1       1
                cstackBANK0                          60       60       60       60       1
                cstackBANK3                         300      300       52      300       1
                bssBANK2                            200      200       C0      200       1
                dataBANK1                           180      180       59      100       1
                bssBANK1                            100      100       80      100       1
                bssBANK0                             C0       C0        A       60       1
                bssCOMRAM                            3B       3B       10        1       1
                cinit                              514C     514C       5E        C       0
                nvBANK1                             1D9      1D9       1A      100       1
                nvBANK0                              CA       CA        2       60       1
                nvCOMRAM                             4B       4B        2        1       1
                idataBANK1                         5206     5206       59        C       0

TOTAL           Name                               Link     Load   Length     Space
        CLASS   STACK          

        CLASS   CODE           
                intcodelo                            18       18       58         0
                intcode                               8        8        6         0
                init                                 70       70        4         0
                reset_vec                             0        0        4         0
                text123                            574E     574E       3C         0
                text122                            5B50     5B50       2C         0
                text121                            5C20     5C20       28         0
                text120                            5B24     5B24       2C         0
                text119                            5E92     5E92       10         0
                text118                            5DA8     5DA8       22         0
                text117                            5F66     5F66        8         0
                text116                            5F5E     5F5E        8         0
                text115                            5D86     5D86       22         0
                text114                            5F56     5F56        8         0
                text113                            5F4E     5F4E        8         0
                text112                            5D64     5D64       22         0
                text111                            5F46     5F46        8         0
                text110                            5F3E     5F3E        8         0
                text109                            5D42     5D42       22         0
                text108                            5F36     5F36        8         0
                text107                            5712     5712       3C         0
                text106                            5AF8     5AF8       2C         0
                text105                            5DCA     5DCA       1E         0
                text104                            5E20     5E20       1C         0
                text103                            56D6     56D6       3C         0
                intcode_body                       49F0     49F0       D2         0
                text101                            530C     530C       56         0
                text100                            5F6E     5F6E        6         0
                text99                             5E04     5E04       1C         0
                text98                             5A6E     5A6E       30         0
                text96                             5F88     5F88        4         0
                text95                             5F84     5F84        4         0
                text94                             5EB0     5EB0        E         0
                text93                             5ACC     5ACC       2C         0
                text92                             5F80     5F80        4         0
                text91                             490C     490C       E4         0
                text90                             58A6     58A6       38         0
                text89                             5BA6     5BA6       2A         0
                text88                             5D20     5D20       22         0
                text87                             5DE8     5DE8       1C         0
                text86                             50D2     50D2       7A         0
                text85                             5F7C     5F7C        4         0
                text84                             5F78     5F78        4         0
                text83                             5A3E     5A3E       30         0
                text82                             5C48     5C48       26         0
                text81                             5A0E     5A0E       30         0
                text80                             5698     5698       3E         0
                text79                             436A     436A      140         0
                text78                             586E     586E       38         0
                text77                             5F2C     5F2C        A         0
                text76                             4E7E     4E7E       A0         0
                text75                             5836     5836       38         0
                text74                             5618     5618       42         0
                text73                             4F1E     4F1E       96         0
                text72                             54F0     54F0       4E         0
                text71                             40E2     40E2      148         0
                text70                             45E8     45E8      124         0
                text69                             597C     597C       32         0
                text68                             37A4     37A4      248         0
                text67                             3F5E     3F5E      184         0
                text66                             44AA     44AA      13E         0
                text65                             4826     4826       E6         0
                text64                             4B92     4B92       CE         0
                text63                             4DD0     4DD0       AE         0
                text62                             3C22     3C22      1B6         0
                text61                             5948     5948       34         0
                text60                             59DE     59DE       30         0
                text59                             59AE     59AE       30         0
                text58                             5588     5588       4A         0
                text57                             39EC     39EC      236         0
                text56                              F80      F80      E8A         0
                text55                             52B6     52B6       56         0
                text54                             5BF8     5BF8       28         0
                text53                             5CDA     5CDA       24         0
                text52                             5CB6     5CB6       24         0
                text51                             5C92     5C92       24         0
                text50                             5E54     5E54       18         0
                text49                             5C6E     5C6E       24         0
                text48                             4C60     4C60       BC         0
                text47                             351A     351A      28A         0
                text46                             5048     5048       8A         0
                text45                             4AC2     4AC2       D0         0
                text44                             2B7A     2B7A      354         0
                text43                             5A9E     5A9E       2E         0
                text42                             5260     5260       56         0
                text41                             422A     422A      140         0
                text40                             51AA     51AA       5C         0
                text39                             5CFE     5CFE       22         0
                text38                             1E0A     1E0A      D70         0
                text37                             5BD0     5BD0       28         0
                text36                             320E     320E      30C         0
                text35                             55D2     55D2       46         0
                text34                             2ECE     2ECE      340         0
                text33                             5914     5914       34         0
                text32                             58DE     58DE       36         0
                text31                             5404     5404       50         0
                text30                             53B4     53B4       50         0
                text29                             4D1C     4D1C       B4         0
                text28                             470C     470C      11A         0
                text27                             3DD8     3DD8      186         0
                text26                             5362     5362       52         0
                text25                             4FB4     4FB4       94         0
                text24                               74       74      F0C         0
                text23                             5F74     5F74        4         0
                text22                             5F22     5F22        A         0
                text21                             5F18     5F18        A         0
                text20                             54A2     54A2       4E         0
                text19                             5F0E     5F0E        A         0
                text18                             5F04     5F04        A         0
                text17                             5454     5454       4E         0
                text16                             5EFA     5EFA        A         0
                text15                             5EF0     5EF0        A         0
                text14                             5EE6     5EE6        A         0
                text13                             5EDC     5EDC        A         0
                text12                             553E     553E       4A         0
                text11                             5E3C     5E3C       18         0
                text10                             5E80     5E80       12         0
                text9                              57FE     57FE       38         0
                text8                              5EA2     5EA2        E         0
                text7                              5ED2     5ED2        A         0
                text6                              565A     565A       3E         0
                text5                              5EC8     5EC8        A         0
                text4                              57C4     57C4       3A         0
                text3                              5EBE     5EBE        A         0
                text2                              578A     578A       3A         0
                text1                              5B7C     5B7C       2A         0
                text0                              5E6C     5E6C       14         0
                cinit                              514C     514C       5E         0
                idataBANK1                         5206     5206       59         0

        CLASS   CONST          

        CLASS   SMALLCONST     

        CLASS   MEDIUMCONST    
                mediumconst                        7CF6     7CF6      30A         0

        CLASS   COMRAM         
                temp                                 4D       4D        1         1
                cstackCOMRAM                          1        1       3A         1
                bssCOMRAM                            3B       3B       10         1
                nvCOMRAM                             4B       4B        2         1

        CLASS   ABS1           

        CLASS   BIGRAM         

        CLASS   RAM            

        CLASS   BANK0          
                cstackBANK0                          60       60       60         1
                bssBANK0                             C0       C0        A         1
                nvBANK0                              CA       CA        2         1

        CLASS   BANK1          
                dataBANK1                           180      180       59         1
                bssBANK1                            100      100       80         1
                nvBANK1                             1D9      1D9       1A         1

        CLASS   BANK2          
                bssBANK2                            200      200       C0         1

        CLASS   BANK3          
                cstackBANK3                         300      300       52         1

        CLASS   BANK4          

        CLASS   BANK5          

        CLASS   BANK6          

        CLASS   BANK7          

        CLASS   BANK8          

        CLASS   BANK9          

        CLASS   BANK10         

        CLASS   BANK11         

        CLASS   BANK12         

        CLASS   BANK13         

        CLASS   BANK14         

        CLASS   SFR            

        CLASS   FARRAM         

        CLASS   CONFIG         
                config                           300000   300000        E         0

        CLASS   IDLOC          
                idloc                            200000   200000        8         0

        CLASS   EEDATA         



SEGMENTS        Name                           Load    Length   Top    Selector   Space  Class

                reset_vec                      000000  000004  000004         0       0  CODE    
                cstackCOMRAM                   000001  00004D  00004E         1       1  COMRAM  
                intcode                        000008  000006  00000E         4       0  CODE    
                intcodelo                      000018  005247  00525F         C       0  CODE    
                cstackBANK0                    000060  00006C  0000CC        60       1  BANK0   
                bssBANK1                       000100  0000F3  0001F3       100       1  BANK1   
                bssBANK2                       000200  0000C0  0002C0       200       1  BANK2   
                cstackBANK3                    000300  000052  000352       300       1  BANK3   
                text42                         005260  000D2C  005F8C      2930       0  CODE    
                mediumconst                    007CF6  00030A  008000      3E7B       0  MEDIUMCO
                idloc                          200000  000008  200008    200000       0  IDLOC   
                config                         300000  00000E  30000E    300000       0  CONFIG  


UNUSED ADDRESS RANGES

        Name                Unused          Largest block    Delta
        BANK0            0000CC-0000FF               34
        BANK1            0001F3-0001FF                D
        BANK10           000A00-000AFF              100
        BANK11           000B00-000BFF              100
        BANK12           000C00-000CFF              100
        BANK13           000D00-000DFF              100
        BANK14           000E00-000E40               41
        BANK2            0002C0-0002FF               40
        BANK3            000352-0003FF               AE
        BANK4            000400-0004FF              100
        BANK5            000500-0005FF              100
        BANK6            000600-0006FF              100
        BANK7            000700-0007FF              100
        BANK8            000800-0008FF              100
        BANK9            000900-0009FF              100
        BIGRAM           00004E-00005F               12
                         0000CC-0000FF               34
                         0001F3-0001FF                D
                         0002C0-0002FF               40
                         000352-000E40              AEF
        CODE             000004-000007                4
                         00000E-000017                A
                         00525F-00525F                1
                         005F8C-007CF5             1D6A
        COMRAM           00004E-00005F               12
        CONST            000004-000007                4
                         00000E-000017                A
                         00525F-00525F                1
                         005F8C-007CF5             1D6A
        EEDATA           F00000-F003FF              400
        MEDIUMCONST      00525F-00525F                1
                         005F8C-007CF5             1D6A
        RAM              0000CC-0000FF               34
                         0001F3-0001FF                D
                         0002C0-0002FF               40
                         000352-000E40              100
        SFR              000E41-000FFF               BF
        SMALLCONST       00525F-00525F                1
                         005F8C-007CF5              100
        STACK            000352-000E40              AEF

                                  Symbol Table

?___aodiv                                      cstackCOMRAM 000013
?___aomod                                      cstackCOMRAM 000013
?___fladd                                      cstackCOMRAM 000013
?___fldiv                                      cstackBANK0  00006D
?___flmul                                      cstackCOMRAM 00002B
?___flneg                                      cstackCOMRAM 000013
?___flsub                                      cstackCOMRAM 000023
?___fltol                                      cstackBANK0  000083
?___lmul                                       cstackCOMRAM 000013
?___lodiv                                      cstackCOMRAM 000013
?___lomod                                      cstackCOMRAM 000013
?___wmul                                       cstackCOMRAM 000013
?___xxtofl                                     cstackCOMRAM 000013
?_abs                                          cstackCOMRAM 000025
?_atof                                         cstackBANK0  0000A8
?_atoi                                         cstackCOMRAM 00001A
?_ctoa                                         cstackCOMRAM 000030
?_dtoa                                         cstackCOMRAM 000030
?_get_pfb                                      cstackBANK0  0000AC
?_isalpha                                      cstackCOMRAM 000013
?_isdigit                                      cstackCOMRAM 000013
?_islower                                      cstackCOMRAM 000013
?_isspace                                      cstackCOMRAM 000013
?_isupper                                      cstackCOMRAM 000013
?_isxdigit                                     cstackCOMRAM 000013
?_nanf                                         cstackCOMRAM 000013
?_otoa                                         cstackCOMRAM 000030
?_pad                                          cstackCOMRAM 000025
?_printf                                       cstackBANK0  0000A9
?_roundf                                       cstackCOMRAM 000037
?_sprintf                                      cstackBANK0  0000A9
?_stoa                                         cstackCOMRAM 00001E
?_strchr                                       cstackCOMRAM 000013
?_strcspn                                      cstackCOMRAM 000018
?_strlen                                       cstackCOMRAM 000013
?_strncmp                                      cstackCOMRAM 000013
?_strspn                                       cstackCOMRAM 000018
?_strstr                                       cstackCOMRAM 00001E
?_strtof                                       cstackBANK0  000082
?_strtok                                       cstackCOMRAM 00001F
?_toupper                                      cstackCOMRAM 000019
?_truncf                                       cstackCOMRAM 000013
?_utoa                                         cstackCOMRAM 000030
?_vfpfcnvrt                                    cstackBANK0  00007C
?_vfprintf                                     cstackBANK0  0000A1
?_xtoa                                         cstackCOMRAM 000030
APP_Tasks@c_down                               cstackBANK0  0000BF
APP_Tasks@m_start                              bssBANK0     0000C6
APP_Tasks@mc_response                          bssBANK1     00011E
APP_Tasks@offset                               cstackBANK0  0000BD
EUSART1_Read@readValue                         cstackCOMRAM 000013
EUSART1_Receive_ISR@treg                       cstackCOMRAM 000001
EUSART1_SetRxInterruptHandler@interruptHandler cstackCOMRAM 000013
EUSART1_SetTxInterruptHandler@interruptHandler cstackCOMRAM 000013
EUSART1_Write@txData                           cstackCOMRAM 000013
EUSART2_SetRxInterruptHandler@interruptHandler cstackCOMRAM 000013
EUSART2_SetTxInterruptHandler@interruptHandler cstackCOMRAM 000013
EUSART2_Write@txData                           cstackCOMRAM 000013
INT0_SetInterruptHandler@InterruptHandler      cstackCOMRAM 000013
INT1_SetInterruptHandler@InterruptHandler      cstackCOMRAM 000013
INT2_SetInterruptHandler@InterruptHandler      cstackCOMRAM 000013
INT3_SetInterruptHandler@InterruptHandler      cstackCOMRAM 000013
MC_ReceivePacket@Message                       cstackCOMRAM 000014
MC_ReceivePacket@btDecodeState                 bssBANK0     0000C8
MC_ReceivePacket@i                             bssBANK0     0000C4
MC_SendCommand@data                            cstackCOMRAM 00001A
MC_SendCommand@i                               cstackCOMRAM 00001D
MC_SendCommand@wait                            cstackCOMRAM 00001C
StartTimer@count                               cstackCOMRAM 000013
StartTimer@timer                               cstackCOMRAM 000017
TMR0_SetInterruptHandler@InterruptHandler      cstackCOMRAM 000013
TMR1_SetInterruptHandler@InterruptHandler      cstackCOMRAM 000013
TMR1_WriteTimer@timerVal                       cstackCOMRAM 000007
TMR3_ISR@chirp                                 bssBANK0     0000C9
TMR3_SetInterruptHandler@InterruptHandler      cstackCOMRAM 000013
TMR3_WriteTimer@timerVal                       cstackCOMRAM 000001
TimerDone@timer                                cstackCOMRAM 000015
WaitMs@numMilliseconds                         cstackCOMRAM 000018
_ANCON0                                        (abs)        000F5D
_ANCON1                                        (abs)        000F5C
_APP_Initialize                                text94       005EB0
_APP_Tasks                                     text24       000074
_BAUDCON1                                      (abs)        000FA7
_BAUDCON2                                      (abs)        000FB9
_CrData                                        mediumconst  007D10
_EEADR                                         (abs)        000F74
_EECON1bits                                    (abs)        000F7F
_EECON2                                        (abs)        000F7E
_EEDATA                                        (abs)        000F73
_EUSART1_Initialize                            text20       0054A2
_EUSART1_Read                                  text93       005ACC
_EUSART1_Receive_ISR                           text123      00574E
_EUSART1_RxDefaultInterruptHandler             nvBANK1      0001E9
_EUSART1_SetRxInterruptHandler                 text22       005F22
_EUSART1_SetTxInterruptHandler                 text21       005F18
_EUSART1_Transmit_ISR                          text122      005B50
_EUSART1_TxDefaultInterruptHandler             nvBANK1      0001EB
_EUSART1_Write                                 text90       0058A6
_EUSART1_is_rx_ready                           text92       005F80
_EUSART2_Initialize                            text17       005454
_EUSART2_Receive_ISR                           text121      005C20
_EUSART2_RxDefaultInterruptHandler             nvBANK1      0001ED
_EUSART2_SetRxInterruptHandler                 text19       005F0E
_EUSART2_SetTxInterruptHandler                 text18       005F04
_EUSART2_Transmit_ISR                          text120      005B24
_EUSART2_TxDefaultInterruptHandler             nvBANK1      0001EF
_EUSART2_Write                                 text78       00586E
_EXT_INT_Initialize                            text12       00553E
_INT0_CallBack                                 text118      005DA8
_INT0_DefaultInterruptHandler                  text119      005E92
_INT0_ISR                                      text117      005F66
_INT0_InterruptHandler                         nvBANK1      0001DF
_INT0_SetInterruptHandler                      text16       005EFA
_INT1_CallBack                                 text115      005D86
_INT1_DefaultInterruptHandler                  text116      005F5E
_INT1_ISR                                      text114      005F56
_INT1_InterruptHandler                         nvBANK1      0001DD
_INT1_SetInterruptHandler                      text15       005EF0
_INT2_CallBack                                 text112      005D64
_INT2_DefaultInterruptHandler                  text113      005F4E
_INT2_ISR                                      text111      005F46
_INT2_InterruptHandler                         nvBANK1      0001DB
_INT2_SetInterruptHandler                      text14       005EE6
_INT3_CallBack                                 text109      005D42
_INT3_DefaultInterruptHandler                  text110      005F3E
_INT3_ISR                                      text108      005F36
_INT3_InterruptHandler                         nvBANK1      0001D9
_INT3_SetInterruptHandler                      text13       005EDC
_INTCON2bits                                   (abs)        000FF1
_INTCON3bits                                   (abs)        000FF0
_INTCONbits                                    (abs)        000FF2
_INTERRUPT_Initialize                          text11       005E3C
_INTERRUPT_InterruptManagerHigh                intcode      000008
_INTERRUPT_InterruptManagerLow                 intcodelo    000018
_IPR1bits                                      (abs)        000F9F
_IPR2bits                                      (abs)        000FA2
_IPR3bits                                      (abs)        000FA5
_LATA                                          (abs)        000F89
_LATAbits                                      (abs)        000F89
_LATB                                          (abs)        000F8A
_LATC                                          (abs)        000F8B
_LATD                                          (abs)        000F8C
_LATE                                          (abs)        000F8D
_MC_ReceivePacket                              text91       00490C
_MC_SendCommand                                text86       0050D2
_OSCCON                                        (abs)        000FD3
_OSCCON2                                       (abs)        000FD2
_OSCILLATOR_Initialize                         text10       005E80
_OSCTUNE                                       (abs)        000F9B
_PIE1bits                                      (abs)        000F9D
_PIE2bits                                      (abs)        000FA0
_PIE3bits                                      (abs)        000FA3
_PIN_MANAGER_IOC                               text23       005F74
_PIN_MANAGER_Initialize                        text9        0057FE
_PIR1bits                                      (abs)        000F9E
_PIR2bits                                      (abs)        000FA1
_PIR3bits                                      (abs)        000FA4
_PIR4bits                                      (abs)        000FB7
_RCONbits                                      (abs)        000FD0
_RCREG1                                        (abs)        000FAE
_RCREG2                                        (abs)        000F7A
_RCSTA1                                        (abs)        000FAB
_RCSTA1bits                                    (abs)        000FAB
_RCSTA2                                        (abs)        000FA6
_RCSTA2bits                                    (abs)        000FA6
_REFOCON                                       (abs)        000F9A
_RsData                                        mediumconst  007DA4
_SPBRG1                                        (abs)        000FAF
_SPBRG2                                        (abs)        000F7B
_SPBRGH1                                       (abs)        000F7D
_SPBRGH2                                       (abs)        000F7C
_SPI_Initialize                                text8        005EA2
_SSPADD                                        (abs)        000FC8
_SSPBUF                                        (abs)        000FC9
_SSPCON1                                       (abs)        000FC6
_SSPCON1bits                                   (abs)        000FC6
_SSPSTAT                                       (abs)        000FC7
_SSPSTATbits                                   (abs)        000FC7
_SYSTEM_Initialize                             text1        005B7C
_StartTimer                                    text89       005BA6
_T0CON                                         (abs)        000FD5
_T0CONbits                                     (abs)        000FD5
_T1CON                                         (abs)        000FCD
_T1CONbits                                     (abs)        000FCD
_T1GCON                                        (abs)        000FAA
_T1GCONbits                                    (abs)        000FAA
_T3CON                                         (abs)        000FB1
_T3CONbits                                     (abs)        000FB1
_T3GCON                                        (abs)        000FB0
_T3GCONbits                                    (abs)        000FB0
_TABLAT                                        (abs)        000FF5
_TBLPTRH                                       (abs)        000FF7
_TBLPTRL                                       (abs)        000FF6
_TBLPTRU                                       (abs)        000FF8
_TMR0H                                         (abs)        000FD7
_TMR0L                                         (abs)        000FD6
_TMR0_DefaultInterruptHandler                  text107      005712
_TMR0_ISR                                      text106      005AF8
_TMR0_Initialize                               text6        00565A
_TMR0_InterruptHandler                         nvBANK1      0001F1
_TMR0_SetInterruptHandler                      text7        005ED2
_TMR0_StartTimer                               text96       005F88
_TMR1H                                         (abs)        000FCF
_TMR1L                                         (abs)        000FCE
_TMR1_DefaultInterruptHandler                  text100      005F6E
_TMR1_ISR                                      text98       005A6E
_TMR1_Initialize                               text4        0057C4
_TMR1_InterruptHandler                         nvBANK1      0001E5
_TMR1_SetInterruptHandler                      text5        005EC8
_TMR1_StartTimer                               text95       005F84
_TMR1_WriteTimer                               text99       005E04
_TMR3H                                         (abs)        000FB3
_TMR3L                                         (abs)        000FB2
_TMR3_DefaultInterruptHandler                  text105      005DCA
_TMR3_ISR                                      text103      0056D6
_TMR3_Initialize                               text2        00578A
_TMR3_InterruptHandler                         nvBANK1      0001E1
_TMR3_SetInterruptHandler                      text3        005EBE
_TMR3_StartTimer                               text85       005F7C
_TMR3_StopTimer                                text84       005F78
_TMR3_WriteTimer                               text104      005E20
_TRISA                                         (abs)        000F92
_TRISB                                         (abs)        000F93
_TRISC                                         (abs)        000F94
_TRISD                                         (abs)        000F95
_TRISE                                         (abs)        000F96
_TXREG1                                        (abs)        000FAD
_TXREG2                                        (abs)        000F79
_TXSTA1                                        (abs)        000FAC
_TXSTA1bits                                    (abs)        000FAC
_TXSTA2                                        (abs)        000FBA
_TXSTA2bits                                    (abs)        000FBA
_TimerDone                                     text88       005D20
_WPUB                                          (abs)        000F5B
_WaitMs                                        text87       005DE8
__CFG_BBSIZ$BB2K                               (abs)        000000
__CFG_BOREN$SBORDIS                            (abs)        000000
__CFG_BORPWR$ZPBORMV                           (abs)        000000
__CFG_BORV$3                                   (abs)        000000
__CFG_CANMX$PORTB                              (abs)        000000
__CFG_CP0$OFF                                  (abs)        000000
__CFG_CP1$OFF                                  (abs)        000000
__CFG_CP2$OFF                                  (abs)        000000
__CFG_CP3$OFF                                  (abs)        000000
__CFG_CPB$OFF                                  (abs)        000000
__CFG_CPD$OFF                                  (abs)        000000
__CFG_EBTR0$OFF                                (abs)        000000
__CFG_EBTR1$OFF                                (abs)        000000
__CFG_EBTR2$OFF                                (abs)        000000
__CFG_EBTR3$OFF                                (abs)        000000
__CFG_EBTRB$OFF                                (abs)        000000
__CFG_FCMEN$OFF                                (abs)        000000
__CFG_FOSC$INTIO1                              (abs)        000000
__CFG_IESO$OFF                                 (abs)        000000
__CFG_INTOSCSEL$HIGH                           (abs)        000000
__CFG_MCLRE$ON                                 (abs)        000000
__CFG_MSSPMSK$MSK7                             (abs)        000000
__CFG_PLLCFG$OFF                               (abs)        000000
__CFG_PWRTEN$OFF                               (abs)        000000
__CFG_RETEN$OFF                                (abs)        000000
__CFG_SOSCSEL$DIG                              (abs)        000000
__CFG_STVREN$ON                                (abs)        000000
__CFG_WDTEN$OFF                                (abs)        000000
__CFG_WDTPS$1048576                            (abs)        000000
__CFG_WRT0$OFF                                 (abs)        000000
__CFG_WRT1$OFF                                 (abs)        000000
__CFG_WRT2$OFF                                 (abs)        000000
__CFG_WRT3$OFF                                 (abs)        000000
__CFG_WRTB$OFF                                 (abs)        000000
__CFG_WRTC$OFF                                 (abs)        000000
__CFG_WRTD$OFF                                 (abs)        000000
__CFG_XINST$OFF                                (abs)        000000
__HRAM                                         (abs)        000000
__Habs1                                        abs1         000000
__Hbank0                                       bank0        000000
__Hbank1                                       bank1        000000
__Hbank10                                      bank10       000000
__Hbank11                                      bank11       000000
__Hbank12                                      bank12       000000
__Hbank13                                      bank13       000000
__Hbank14                                      bank14       000000
__Hbank2                                       bank2        000000
__Hbank3                                       bank3        000000
__Hbank4                                       bank4        000000
__Hbank5                                       bank5        000000
__Hbank6                                       bank6        000000
__Hbank7                                       bank7        000000
__Hbank8                                       bank8        000000
__Hbank9                                       bank9        000000
__Hbigbss                                      bigbss       000000
__Hbigdata                                     bigdata      000000
__Hbigram                                      bigram       000000
__Hbss                                         bss          000000
__HbssBANK0                                    bssBANK0     000000
__HbssBANK1                                    bssBANK1     000000
__HbssBANK2                                    bssBANK2     000000
__HbssCOMRAM                                   bssCOMRAM    000000
__Hcinit                                       cinit        000000
__Hclrtext                                     clrtext      000000
__Hcomram                                      comram       000000
__Hconfig                                      config       30000E
__Hconst                                       const        000000
__HcstackBANK0                                 cstackBANK0  000000
__HcstackBANK3                                 cstackBANK3  000000
__HcstackCOMRAM                                cstackCOMRAM 000000
__Hdata                                        data         000000
__HdataBANK1                                   dataBANK1    000000
__Heeprom_data                                 eeprom_data  000000
__Hfarbss                                      farbss       000000
__Hfardata                                     fardata      000000
__Hibigdata                                    ibigdata     000000
__Hidata                                       idata        000000
__HidataBANK1                                  idataBANK1   000000
__Hidloc                                       idloc        200008
__Hifardata                                    ifardata     000000
__Hinit                                        init         000074
__Hintcode                                     intcode      00000E
__Hintcode_body                                intcode_body 000000
__Hintcodelo                                   intcodelo    000070
__Hintentry                                    intentry     000000
__Hintret                                      intret       000000
__Hintsave_regs                                intsave_regs 000000
__Hirdata                                      irdata       000000
__Hmediumconst                                 mediumconst  008000
__HnvBANK0                                     nvBANK0      000000
__HnvBANK1                                     nvBANK1      000000
__HnvCOMRAM                                    nvCOMRAM     000000
__HnvFARRAM                                    nvFARRAM     000000
__Hnvbit                                       nvbit        000000
__Hnvrram                                      nvrram       000000
__Hparam                                       rparam       000000
__Hpowerup                                     powerup      000070
__Hram                                         ram          000000
__Hramtop                                      ramtop       000F00
__Hrbit                                        rbit         000000
__Hrbss                                        rbss         000000
__Hrdata                                       rdata        000000
__Hreset_vec                                   reset_vec    000004
__Hrparam                                      rparam       000000
__Hsfr                                         sfr          000000
__Hsmallconst                                  smallconst   000000
__Hspace_0                                     (abs)        30000E
__Hspace_1                                     (abs)        000352
__Hspace_2                                     (abs)        000000
__Hstack                                       stack        000000
__Hstruct                                      struct       000000
__Htemp                                        temp         00004E
__Htext                                        text         000000
__Htext0                                       text0        000000
__Htext1                                       text1        000000
__Htext10                                      text10       000000
__Htext100                                     text100      000000
__Htext101                                     text101      000000
__Htext103                                     text103      000000
__Htext104                                     text104      000000
__Htext105                                     text105      000000
__Htext106                                     text106      000000
__Htext107                                     text107      000000
__Htext108                                     text108      000000
__Htext109                                     text109      000000
__Htext11                                      text11       000000
__Htext110                                     text110      000000
__Htext111                                     text111      000000
__Htext112                                     text112      000000
__Htext113                                     text113      000000
__Htext114                                     text114      000000
__Htext115                                     text115      000000
__Htext116                                     text116      000000
__Htext117                                     text117      000000
__Htext118                                     text118      000000
__Htext119                                     text119      000000
__Htext12                                      text12       000000
__Htext120                                     text120      000000
__Htext121                                     text121      000000
__Htext122                                     text122      000000
__Htext123                                     text123      000000
__Htext124                                     text124      000000
__Htext13                                      text13       000000
__Htext14                                      text14       000000
__Htext15                                      text15       000000
__Htext16                                      text16       000000
__Htext17                                      text17       000000
__Htext18                                      text18       000000
__Htext19                                      text19       000000
__Htext2                                       text2        000000
__Htext20                                      text20       000000
__Htext21                                      text21       000000
__Htext22                                      text22       000000
__Htext23                                      text23       000000
__Htext24                                      text24       000000
__Htext25                                      text25       000000
__Htext26                                      text26       000000
__Htext27                                      text27       000000
__Htext28                                      text28       000000
__Htext29                                      text29       000000
__Htext3                                       text3        000000
__Htext30                                      text30       000000
__Htext31                                      text31       000000
__Htext32                                      text32       000000
__Htext33                                      text33       000000
__Htext34                                      text34       000000
__Htext35                                      text35       000000
__Htext36                                      text36       000000
__Htext37                                      text37       000000
__Htext38                                      text38       000000
__Htext39                                      text39       000000
__Htext4                                       text4        000000
__Htext40                                      text40       000000
__Htext41                                      text41       000000
__Htext42                                      text42       000000
__Htext43                                      text43       000000
__Htext44                                      text44       000000
__Htext45                                      text45       000000
__Htext46                                      text46       000000
__Htext47                                      text47       000000
__Htext48                                      text48       000000
__Htext49                                      text49       000000
__Htext5                                       text5        000000
__Htext50                                      text50       000000
__Htext51                                      text51       000000
__Htext52                                      text52       000000
__Htext53                                      text53       000000
__Htext54                                      text54       000000
__Htext55                                      text55       000000
__Htext56                                      text56       000000
__Htext57                                      text57       000000
__Htext58                                      text58       000000
__Htext59                                      text59       000000
__Htext6                                       text6        000000
__Htext60                                      text60       000000
__Htext61                                      text61       000000
__Htext62                                      text62       000000
__Htext63                                      text63       000000
__Htext64                                      text64       000000
__Htext65                                      text65       000000
__Htext66                                      text66       000000
__Htext67                                      text67       000000
__Htext68                                      text68       000000
__Htext69                                      text69       000000
__Htext7                                       text7        000000
__Htext70                                      text70       000000
__Htext71                                      text71       000000
__Htext72                                      text72       000000
__Htext73                                      text73       000000
__Htext74                                      text74       000000
__Htext75                                      text75       000000
__Htext76                                      text76       000000
__Htext77                                      text77       000000
__Htext78                                      text78       000000
__Htext79                                      text79       000000
__Htext8                                       text8        000000
__Htext80                                      text80       000000
__Htext81                                      text81       000000
__Htext82                                      text82       000000
__Htext83                                      text83       000000
__Htext84                                      text84       000000
__Htext85                                      text85       000000
__Htext86                                      text86       000000
__Htext87                                      text87       000000
__Htext88                                      text88       000000
__Htext89                                      text89       000000
__Htext9                                       text9        000000
__Htext90                                      text90       000000
__Htext91                                      text91       000000
__Htext92                                      text92       000000
__Htext93                                      text93       000000
__Htext94                                      text94       000000
__Htext95                                      text95       000000
__Htext96                                      text96       000000
__Htext98                                      text98       000000
__Htext99                                      text99       000000
__LRAM                                         (abs)        000001
__Labs1                                        abs1         000000
__Lbank0                                       bank0        000000
__Lbank1                                       bank1        000000
__Lbank10                                      bank10       000000
__Lbank11                                      bank11       000000
__Lbank12                                      bank12       000000
__Lbank13                                      bank13       000000
__Lbank14                                      bank14       000000
__Lbank2                                       bank2        000000
__Lbank3                                       bank3        000000
__Lbank4                                       bank4        000000
__Lbank5                                       bank5        000000
__Lbank6                                       bank6        000000
__Lbank7                                       bank7        000000
__Lbank8                                       bank8        000000
__Lbank9                                       bank9        000000
__Lbigbss                                      bigbss       000000
__Lbigdata                                     bigdata      000000
__Lbigram                                      bigram       000000
__Lbss                                         bss          000000
__LbssBANK0                                    bssBANK0     000000
__LbssBANK1                                    bssBANK1     000000
__LbssBANK2                                    bssBANK2     000000
__LbssCOMRAM                                   bssCOMRAM    000000
__Lcinit                                       cinit        000000
__Lclrtext                                     clrtext      000000
__Lcomram                                      comram       000000
__Lconfig                                      config       300000
__Lconst                                       const        000000
__LcstackBANK0                                 cstackBANK0  000000
__LcstackBANK3                                 cstackBANK3  000000
__LcstackCOMRAM                                cstackCOMRAM 000000
__Ldata                                        data         000000
__LdataBANK1                                   dataBANK1    000000
__Leeprom_data                                 eeprom_data  000000
__Lfarbss                                      farbss       000000
__Lfardata                                     fardata      000000
__Libigdata                                    ibigdata     000000
__Lidata                                       idata        000000
__LidataBANK1                                  idataBANK1   000000
__Lidloc                                       idloc        200000
__Lifardata                                    ifardata     000000
__Linit                                        init         000070
__Lintcode                                     intcode      000008
__Lintcode_body                                intcode_body 000000
__Lintcodelo                                   intcodelo    000018
__Lintentry                                    intentry     000000
__Lintret                                      intret       000000
__Lintsave_regs                                intsave_regs 000000
__Lirdata                                      irdata       000000
__Lmediumconst                                 mediumconst  007CF6
__LnvBANK0                                     nvBANK0      000000
__LnvBANK1                                     nvBANK1      000000
__LnvCOMRAM                                    nvCOMRAM     000000
__LnvFARRAM                                    nvFARRAM     000000
__Lnvbit                                       nvbit        000000
__Lnvrram                                      nvrram       000000
__Lparam                                       rparam       000000
__Lpowerup                                     powerup      000070
__Lram                                         ram          000000
__Lramtop                                      ramtop       000F00
__Lrbit                                        rbit         000000
__Lrbss                                        rbss         000000
__Lrdata                                       rdata        000000
__Lreset_vec                                   reset_vec    000000
__Lrparam                                      rparam       000000
__Lsfr                                         sfr          000000
__Lsmallconst                                  smallconst   000000
__Lspace_0                                     (abs)        000000
__Lspace_1                                     (abs)        000000
__Lspace_2                                     (abs)        000000
__Lstack                                       stack        000000
__Lstruct                                      struct       000000
__Ltemp                                        temp         00004D
__Ltext                                        text         000000
__Ltext0                                       text0        000000
__Ltext1                                       text1        000000
__Ltext10                                      text10       000000
__Ltext100                                     text100      000000
__Ltext101                                     text101      000000
__Ltext103                                     text103      000000
__Ltext104                                     text104      000000
__Ltext105                                     text105      000000
__Ltext106                                     text106      000000
__Ltext107                                     text107      000000
__Ltext108                                     text108      000000
__Ltext109                                     text109      000000
__Ltext11                                      text11       000000
__Ltext110                                     text110      000000
__Ltext111                                     text111      000000
__Ltext112                                     text112      000000
__Ltext113                                     text113      000000
__Ltext114                                     text114      000000
__Ltext115                                     text115      000000
__Ltext116                                     text116      000000
__Ltext117                                     text117      000000
__Ltext118                                     text118      000000
__Ltext119                                     text119      000000
__Ltext12                                      text12       000000
__Ltext120                                     text120      000000
__Ltext121                                     text121      000000
__Ltext122                                     text122      000000
__Ltext123                                     text123      000000
__Ltext124                                     text124      000000
__Ltext13                                      text13       000000
__Ltext14                                      text14       000000
__Ltext15                                      text15       000000
__Ltext16                                      text16       000000
__Ltext17                                      text17       000000
__Ltext18                                      text18       000000
__Ltext19                                      text19       000000
__Ltext2                                       text2        000000
__Ltext20                                      text20       000000
__Ltext21                                      text21       000000
__Ltext22                                      text22       000000
__Ltext23                                      text23       000000
__Ltext24                                      text24       000000
__Ltext25                                      text25       000000
__Ltext26                                      text26       000000
__Ltext27                                      text27       000000
__Ltext28                                      text28       000000
__Ltext29                                      text29       000000
__Ltext3                                       text3        000000
__Ltext30                                      text30       000000
__Ltext31                                      text31       000000
__Ltext32                                      text32       000000
__Ltext33                                      text33       000000
__Ltext34                                      text34       000000
__Ltext35                                      text35       000000
__Ltext36                                      text36       000000
__Ltext37                                      text37       000000
__Ltext38                                      text38       000000
__Ltext39                                      text39       000000
__Ltext4                                       text4        000000
__Ltext40                                      text40       000000
__Ltext41                                      text41       000000
__Ltext42                                      text42       000000
__Ltext43                                      text43       000000
__Ltext44                                      text44       000000
__Ltext45                                      text45       000000
__Ltext46                                      text46       000000
__Ltext47                                      text47       000000
__Ltext48                                      text48       000000
__Ltext49                                      text49       000000
__Ltext5                                       text5        000000
__Ltext50                                      text50       000000
__Ltext51                                      text51       000000
__Ltext52                                      text52       000000
__Ltext53                                      text53       000000
__Ltext54                                      text54       000000
__Ltext55                                      text55       000000
__Ltext56                                      text56       000000
__Ltext57                                      text57       000000
__Ltext58                                      text58       000000
__Ltext59                                      text59       000000
__Ltext6                                       text6        000000
__Ltext60                                      text60       000000
__Ltext61                                      text61       000000
__Ltext62                                      text62       000000
__Ltext63                                      text63       000000
__Ltext64                                      text64       000000
__Ltext65                                      text65       000000
__Ltext66                                      text66       000000
__Ltext67                                      text67       000000
__Ltext68                                      text68       000000
__Ltext69                                      text69       000000
__Ltext7                                       text7        000000
__Ltext70                                      text70       000000
__Ltext71                                      text71       000000
__Ltext72                                      text72       000000
__Ltext73                                      text73       000000
__Ltext74                                      text74       000000
__Ltext75                                      text75       000000
__Ltext76                                      text76       000000
__Ltext77                                      text77       000000
__Ltext78                                      text78       000000
__Ltext79                                      text79       000000
__Ltext8                                       text8        000000
__Ltext80                                      text80       000000
__Ltext81                                      text81       000000
__Ltext82                                      text82       000000
__Ltext83                                      text83       000000
__Ltext84                                      text84       000000
__Ltext85                                      text85       000000
__Ltext86                                      text86       000000
__Ltext87                                      text87       000000
__Ltext88                                      text88       000000
__Ltext89                                      text89       000000
__Ltext9                                       text9        000000
__Ltext90                                      text90       000000
__Ltext91                                      text91       000000
__Ltext92                                      text92       000000
__Ltext93                                      text93       000000
__Ltext94                                      text94       000000
__Ltext95                                      text95       000000
__Ltext96                                      text96       000000
__Ltext98                                      text98       000000
__Ltext99                                      text99       000000
__S0                                           (abs)        30000E
__S1                                           (abs)        000352
__S2                                           (abs)        000000
__T1Interrupt                                  text101      00530C
__T1Interrupt@i                                cstackCOMRAM 000009
___aodiv                                       text71       0040E2
___aodiv@counter                               cstackCOMRAM 000023
___aodiv@dividend                              cstackCOMRAM 000013
___aodiv@divisor                               cstackCOMRAM 00001B
___aodiv@quotient                              cstackCOMRAM 000025
___aodiv@sign                                  cstackCOMRAM 000024
___aomod                                       text70       0045E8
___aomod@counter                               cstackCOMRAM 000023
___aomod@dividend                              cstackCOMRAM 000013
___aomod@divisor                               cstackCOMRAM 00001B
___aomod@sign                                  cstackCOMRAM 000024
___fladd                                       text36       00320E
___fladd@a                                     cstackCOMRAM 000017
___fladd@aexp                                  cstackCOMRAM 000020
___fladd@b                                     cstackCOMRAM 000013
___fladd@bexp                                  cstackCOMRAM 000021
___fladd@grs                                   cstackCOMRAM 000022
___fladd@signs                                 cstackCOMRAM 00001F
___fldiv                                       text47       00351A
___fldiv@a                                     cstackBANK0  000071
___fldiv@aexp                                  cstackBANK0  000081
___fldiv@b                                     cstackBANK0  00006D
___fldiv@bexp                                  cstackBANK0  000080
___fldiv@grs                                   cstackBANK0  00007C
___fldiv@new_exp                               cstackBANK0  00007A
___fldiv@rem                                   cstackBANK0  000075
___fldiv@sign                                  cstackBANK0  000079
___fleq                                        text46       005048
___fleq@ff1                                    cstackCOMRAM 000013
___fleq@ff2                                    cstackCOMRAM 000017
___flge                                        text45       004AC2
___flge@ff1                                    cstackCOMRAM 000013
___flge@ff2                                    cstackCOMRAM 000017
___flmul                                       text44       002B7A
___flmul@a                                     cstackCOMRAM 00002F
___flmul@aexp                                  cstackBANK0  000061
___flmul@b                                     cstackCOMRAM 00002B
___flmul@bexp                                  cstackBANK0  000066
___flmul@grs                                   cstackBANK0  000062
___flmul@prod                                  cstackBANK0  000067
___flmul@sign                                  cstackBANK0  000060
___flmul@temp                                  cstackBANK0  00006B
___flneg                                       text43       005A9E
___flneg@f1                                    cstackCOMRAM 000013
___flsub                                       text35       0055D2
[...]
 Auto vars:     Size  Location     Type
		None
 Return value:  Size  Location     Type
                  1    wreg      void 
 Registers used:
		wreg, status,2
 Tracked objects:
		On entry : 
		On exit  : 
		Unchanged: 
 Data sizes:     COMRAM   BANK0   BANK1   BANK2   BANK3   BANK4   BANK5   BANK6   BANK7   BANK8   BANK9  BANK10  BANK11  BANK12  BANK13  BANK14
      Params:         0       0       0       0       0       0       0       0       0       0       0       0       0       0       0       0
      Locals:         0       0       0       0       0       0       0       0       0       0       0       0       0       0       0       0
      Temps:          0       0       0       0       0       0       0       0       0       0       0       0       0       0       0       0
      Totals:         0       0       0       0       0       0       0       0       0       0       0       0       0       0       0       0
Total ram usage:        0 bytes
 Hardware stack levels used:    1
 This function calls:
		Nothing
 This function is called by:
		_EXT_INT_Initialize
		_INT0_CallBack
 This function uses a non-reentrant model


 *************** function _EUSART2_Transmit_ISR *****************
 Defined at:
		line 181 in file "mcc_generated_files/eusart2.c"
 Parameters:    Size  Location     Type
		None
 Auto vars:     Size  Location     Type
		None
 Return value:  Size  Location     Type
                  1    wreg      void 
 Registers used:
		wreg, fsr2l, fsr2h, status,2, status,0
 Tracked objects:
		On entry : 
		On exit  : 
		Unchanged: 
 Data sizes:     COMRAM   BANK0   BANK1   BANK2   BANK3   BANK4   BANK5   BANK6   BANK7   BANK8   BANK9  BANK10  BANK11  BANK12  BANK13  BANK14
      Params:         0       0       0       0       0       0       0       0       0       0       0       0       0       0       0       0
      Locals:         0       0       0       0       0       0       0       0       0       0       0       0       0       0       0       0
      Temps:          0       0       0       0       0       0       0       0       0       0       0       0       0       0       0       0
      Totals:         0       0       0       0       0       0       0       0       0       0       0       0       0       0       0       0
Total ram usage:        0 bytes
 Hardware stack levels used:    1
 This function calls:
		Nothing
 This function is called by:
		_EUSART2_Initialize
		_INTERRUPT_InterruptManagerHigh
 This function uses a non-reentrant model


 *************** function _EUSART2_Receive_ISR *****************
 Defined at:
		line 200 in file "mcc_generated_files/eusart2.c"
 Parameters:    Size  Location     Type
		None
 Auto vars:     Size  Location     Type
		None
 Return value:  Size  Location     Type
                  1    wreg      void 
 Registers used:
		wreg, fsr2l, fsr2h, status,2, status,0
 Tracked objects:
		On entry : 
		On exit  : 
		Unchanged: 
 Data sizes:     COMRAM   BANK0   BANK1   BANK2   BANK3   BANK4   BANK5   BANK6   BANK7   BANK8   BANK9  BANK10  BANK11  BANK12  BANK13  BANK14
      Params:         0       0       0       0       0       0       0       0       0       0       0       0       0       0       0       0
      Locals:         0       0       0       0       0       0       0       0       0       0       0       0       0       0       0       0
      Temps:          0       0       0       0       0       0       0       0       0       0       0       0       0       0       0       0
      Totals:         0       0       0       0       0       0       0       0       0       0       0       0       0       0       0       0
Total ram usage:        0 bytes
 Hardware stack levels used:    1
 This function calls:
		Nothing
 This function is called by:
		_EUSART2_Initialize
		_INTERRUPT_InterruptManagerHigh
 This function uses a non-reentrant model


 *************** function _EUSART1_Transmit_ISR *****************
 Defined at:
		line 167 in file "mcc_generated_files/eusart1.c"
 Parameters:    Size  Location     Type
		None
 Auto vars:     Size  Location     Type
		None
 Return value:  Size  Location     Type
                  1    wreg      void 
 Registers used:
		wreg, fsr2l, fsr2h, status,2, status,0
 Tracked objects:
		On entry : 
		On exit  : 
		Unchanged: 
 Data sizes:     COMRAM   BANK0   BANK1   BANK2   BANK3   BANK4   BANK5   BANK6   BANK7   BANK8   BANK9  BANK10  BANK11  BANK12  BANK13  BANK14
      Params:         0       0       0       0       0       0       0       0       0       0       0       0       0       0       0       0
      Locals:         0       0       0       0       0       0       0       0       0       0       0       0       0       0       0       0
      Temps:          0       0       0       0       0       0       0       0       0       0       0       0       0       0       0       0
      Totals:         0       0       0       0       0       0       0       0       0       0       0       0       0       0       0       0
Total ram usage:        0 bytes
 Hardware stack levels used:    1
 This function calls:
		Nothing
 This function is called by:
		_EUSART1_Initialize
		_INTERRUPT_InterruptManagerHigh
 This function uses a non-reentrant model


 *************** function _EUSART1_Receive_ISR *****************
 Defined at:
		line 182 in file "mcc_generated_files/eusart1.c"
 Parameters:    Size  Location     Type
		None
 Auto vars:     Size  Location     Type
  treg            1    0[COMRAM] unsigned char 
 Return value:  Size  Location     Type
                  1    wreg      void 
 Registers used:
		wreg, fsr2l, fsr2h, status,2, status,0
 Tracked objects:
		On entry : 
		On exit  : 
		Unchanged: 
 Data sizes:     COMRAM   BANK0   BANK1   BANK2   BANK3   BANK4   BANK5   BANK6   BANK7   BANK8   BANK9  BANK10  BANK11  BANK12  BANK13  BANK14
      Params:         0       0       0       0       0       0       0       0       0       0       0       0       0       0       0       0
      Locals:         1       0       0       0       0       0       0       0       0       0       0       0       0       0       0       0
      Temps:          0       0       0       0       0       0       0       0       0       0       0       0       0       0       0       0
      Totals:         1       0       0       0       0       0       0       0       0       0       0       0       0       0       0       0
Total ram usage:        1 bytes
 Hardware stack levels used:    1
 This function calls:
		Nothing
 This function is called by:
		_EUSART1_Initialize
		_INTERRUPT_InterruptManagerHigh
 This function uses a non-reentrant model



MODULE INFORMATION

Module		Function		Class		Link	Load	Size
/opt/microchip/xc8/v2.05/pic/sources/c99/common/flge.c
		___flge        		CODE           	4AC2	0000	209

/opt/microchip/xc8/v2.05/pic/sources/c99/common/flge.c estimated size: 209

/opt/microchip/xc8/v2.05/pic/sources/c99/common/strncmp.c
		_strncmp       		CODE           	4826	0000	231

/opt/microchip/xc8/v2.05/pic/sources/c99/common/strncmp.c estimated size: 231

/opt/microchip/xc8/v2.05/pic/sources/c99/common/flneg.c
		___flneg       		CODE           	5A9E	0000	47

/opt/microchip/xc8/v2.05/pic/sources/c99/common/flneg.c estimated size: 47

/opt/microchip/xc8/v2.05/pic/sources/c99/common/sprcmul.c
		___flmul       		CODE           	2B7A	0000	853

/opt/microchip/xc8/v2.05/pic/sources/c99/common/sprcmul.c estimated size: 853

/opt/microchip/xc8/v2.05/pic/sources/c99/common/strstr.c
		_strstr        		CODE           	4FB4	0000	149

/opt/microchip/xc8/v2.05/pic/sources/c99/common/strstr.c estimated size: 149

timers.c
		_WaitMs        		CODE           	5DE8	0000	29
		_StartTimer    		CODE           	5BA6	0000	43
		__T1Interrupt  		CODE           	530C	0000	87
		_TimerDone     		CODE           	5D20	0000	35

timers.c estimated size: 194

/opt/microchip/xc8/v2.05/pic/sources/c99/common/Umul16.c
		___wmul        		CODE           	5C48	0000	39

/opt/microchip/xc8/v2.05/pic/sources/c99/common/Umul16.c estimated size: 39

/opt/microchip/xc8/v2.05/pic/sources/c99/common/sprcdiv.c
		___fldiv       		CODE           	351A	0000	651

/opt/microchip/xc8/v2.05/pic/sources/c99/common/sprcdiv.c estimated size: 651

/opt/microchip/xc8/v2.05/pic/sources/c99/common/nf_fputc.c
		_fputc         		CODE           	4E7E	0000	161

/opt/microchip/xc8/v2.05/pic/sources/c99/common/nf_fputc.c estimated size: 161

mcc_generated_files/eusart2.c
		_putch         		CODE           	5F2C	0000	11
		_EUSART2_Write 		CODE           	586E	0000	57
		_EUSART2_Receive_ISR		CODE           	5C20	0000	41
		_EUSART2_Transmit_ISR		CODE           	5B24	0000	45
		_EUSART2_SetRxInterruptHandler		CODE           	5F0E	0000	11
		_EUSART2_SetTxInterruptHandler		CODE           	5F04	0000	11
		_EUSART2_Initialize		CODE           	5454	0000	79

mcc_generated_files/eusart2.c estimated size: 255

/opt/microchip/xc8/v2.05/pic/sources/c99/common/lomod.c
		___lomod       		CODE           	4DD0	0000	175

/opt/microchip/xc8/v2.05/pic/sources/c99/common/lomod.c estimated size: 175

/opt/microchip/xc8/v2.05/pic/sources/c99/common/strtok.c
		_strtok        		CODE           	4D1C	0000	181

/opt/microchip/xc8/v2.05/pic/sources/c99/common/strtok.c estimated size: 181

pfb.c
		_get_pfb       		CODE           	3DD8	0000	391

pfb.c estimated size: 391

mcc_generated_files/interrupt_manager.c
		_INTERRUPT_Initialize		CODE           	5E3C	0000	25
		_INTERRUPT_InterruptManagerLow		CODE           	0018	0000	89
		_INTERRUPT_InterruptManagerHigh		CODE           	0008	0000	217

mcc_generated_files/interrupt_manager.c estimated size: 331

board/ea_display.c
		_display_ea_ff 		CODE           	5CB6	0000	37
		_display_ea_line		CODE           	5E54	0000	25
		_display_ea_cursor_off		CODE           	5CDA	0000	37
		_display_ea_init		CODE           	5C92	0000	37
		_display_ea_version		CODE           	5C6E	0000	37

board/ea_display.c estimated size: 173

/opt/microchip/xc8/v2.05/pic/sources/c99/common/isxdigit.c
		_isxdigit      		CODE           	51AA	0000	93

/opt/microchip/xc8/v2.05/pic/sources/c99/common/isxdigit.c estimated size: 93

mcc_generated_files/tmr0.c
		_TMR0_SetInterruptHandler		CODE           	5ED2	0000	11
		_TMR0_DefaultInterruptHandler		CODE           	5712	0000	61
		_TMR0_StartTimer		CODE           	5F88	0000	5
		_TMR0_ISR      		CODE           	5AF8	0000	45
		_TMR0_Initialize		CODE           	565A	0000	63

mcc_generated_files/tmr0.c estimated size: 185

/opt/microchip/xc8/v2.05/pic/sources/c99/common/nanf.c
		_nanf          		CODE           	5CFE	0000	35

/opt/microchip/xc8/v2.05/pic/sources/c99/common/nanf.c estimated size: 35

mcc_generated_files/pin_manager.c
		_PIN_MANAGER_Initialize		CODE           	57FE	0000	57
		_PIN_MANAGER_IOC		CODE           	5F74	0000	5

mcc_generated_files/pin_manager.c estimated size: 62

/opt/microchip/xc8/v2.05/pic/sources/c99/common/strcspn.c
		_strcspn       		CODE           	5404	0000	81

/opt/microchip/xc8/v2.05/pic/sources/c99/common/strcspn.c estimated size: 81

/opt/microchip/xc8/v2.05/pic/sources/c99/common/Umul32.c
		___lmul        		CODE           	5260	0000	87

/opt/microchip/xc8/v2.05/pic/sources/c99/common/Umul32.c estimated size: 87

/opt/microchip/xc8/v2.05/pic/sources/c99/common/aomod.c
		___aomod       		CODE           	45E8	0000	293

/opt/microchip/xc8/v2.05/pic/sources/c99/common/aomod.c estimated size: 293

/opt/microchip/xc8/v2.05/pic/sources/c99/common/isdigit.c
		_isdigit       		CODE           	5A0E	0000	49

/opt/microchip/xc8/v2.05/pic/sources/c99/common/isdigit.c estimated size: 49

/opt/microchip/xc8/v2.05/pic/sources/c99/common/sprcadd.c
		___flsub       		CODE           	55D2	0000	71
		___fladd       		CODE           	320E	0000	781

/opt/microchip/xc8/v2.05/pic/sources/c99/common/sprcadd.c estimated size: 852

/opt/microchip/xc8/v2.05/pic/sources/c99/common/xxtofl.c
		___xxtofl      		CODE           	422A	0000	321

/opt/microchip/xc8/v2.05/pic/sources/c99/common/xxtofl.c estimated size: 321

/opt/microchip/xc8/v2.05/pic/sources/c99/common/printf.c
		_printf        		CODE           	5BF8	0000	41

/opt/microchip/xc8/v2.05/pic/sources/c99/common/printf.c estimated size: 41

/opt/microchip/xc8/v2.05/pic/sources/c99/common/atoi.c
		_atoi          		CODE           	436A	0000	321

/opt/microchip/xc8/v2.05/pic/sources/c99/common/atoi.c estimated size: 321

/opt/microchip/xc8/v2.05/pic/sources/c99/common/fleq.c
		___fleq        		CODE           	5048	0000	139

/opt/microchip/xc8/v2.05/pic/sources/c99/common/fleq.c estimated size: 139

/opt/microchip/xc8/v2.05/pic/sources/c99/common/strlen.c
		_strlen        		CODE           	5618	0000	67

/opt/microchip/xc8/v2.05/pic/sources/c99/common/strlen.c estimated size: 67

/opt/microchip/xc8/v2.05/pic/sources/c99/common/nf_sprintf.c
		_sprintf       		CODE           	5362	0000	83

/opt/microchip/xc8/v2.05/pic/sources/c99/common/nf_sprintf.c estimated size: 83

/opt/microchip/xc8/v2.05/pic/sources/c99/common/lodiv.c
		___lodiv       		CODE           	4B92	0000	207

/opt/microchip/xc8/v2.05/pic/sources/c99/common/lodiv.c estimated size: 207

/opt/microchip/xc8/v2.05/pic/sources/c99/common/truncf.c
		_truncf        		CODE           	470C	0000	283

/opt/microchip/xc8/v2.05/pic/sources/c99/common/truncf.c estimated size: 283

/opt/microchip/xc8/v2.05/pic/sources/c99/common/roundf.c
		_roundf        		CODE           	2ECE	0000	833

/opt/microchip/xc8/v2.05/pic/sources/c99/common/roundf.c estimated size: 833

/opt/microchip/xc8/v2.05/pic/sources/c99/common/strchr.c
		_strchr        		CODE           	58DE	0000	55

/opt/microchip/xc8/v2.05/pic/sources/c99/common/strchr.c estimated size: 55

/opt/microchip/xc8/v2.05/pic/sources/c99/common/strcpy.c
		_strcpy        		CODE           	5914	0000	53

/opt/microchip/xc8/v2.05/pic/sources/c99/common/strcpy.c estimated size: 53

mcc_generated_files/spi.c
		_SPI_Initialize		CODE           	5EA2	0000	15

mcc_generated_files/spi.c estimated size: 15

mcc_generated_files/ext_int.c
		_INT3_ISR      		CODE           	5F36	0000	9
		_INT0_SetInterruptHandler		CODE           	5EFA	0000	11
		_INT1_SetInterruptHandler		CODE           	5EF0	0000	11
		_EXT_INT_Initialize		CODE           	553E	0000	75
		_INT2_SetInterruptHandler		CODE           	5EE6	0000	11
		_INT3_SetInterruptHandler		CODE           	5EDC	0000	11
		_INT0_DefaultInterruptHandler		CODE           	5E92	0000	17
		_INT0_CallBack 		CODE           	5DA8	0000	35
		_INT1_DefaultInterruptHandler		CODE           	5F5E	0000	9
		_INT1_CallBack 		CODE           	5D86	0000	35
		_INT2_DefaultInterruptHandler		CODE           	5F4E	0000	9
		_INT2_CallBack 		CODE           	5D64	0000	35
		_INT3_DefaultInterruptHandler		CODE           	5F3E	0000	9
		_INT3_CallBack 		CODE           	5D42	0000	35
		_INT0_ISR      		CODE           	5F66	0000	9
		_INT1_ISR      		CODE           	5F56	0000	9
		_INT2_ISR      		CODE           	5F46	0000	9

mcc_generated_files/ext_int.c estimated size: 339

/opt/microchip/xc8/v2.05/pic/sources/c99/common/isupper.c
		_isupper       		CODE           	59DE	0000	49

/opt/microchip/xc8/v2.05/pic/sources/c99/common/isupper.c estimated size: 49

shared
		_RsData        		MEDIUMCONST    	7DA4	0000	13
		_d_reset       		MEDIUMCONST    	7DB7	0000	4
		_build_date    		MEDIUMCONST    	7CF7	0000	13
		_build_time    		MEDIUMCONST    	7D03	0000	10
		_d_cur_off     		MEDIUMCONST    	7DB0	0000	5
		_d_ff          		MEDIUMCONST    	7DBA	0000	3
		_d_version     		MEDIUMCONST    	7DB4	0000	4
		__initialization		CODE           	514C	0000	81
		_toint         		MEDIUMCONST    	0000	0000	0
		_CrData        		MEDIUMCONST    	7D10	0000	149

shared estimated size: 282

mcc_generated_files/eusart1.c
		_EUSART1_SetRxInterruptHandler		CODE           	5F22	0000	11
		_EUSART1_SetTxInterruptHandler		CODE           	5F18	0000	11
		_EUSART1_is_rx_ready		CODE           	5F80	0000	5
		_EUSART1_Initialize		CODE           	54A2	0000	79
		_EUSART1_Read  		CODE           	5ACC	0000	45
		_EUSART1_Write 		CODE           	58A6	0000	57
		_EUSART1_Receive_ISR		CODE           	574E	0000	61
		_EUSART1_Transmit_ISR		CODE           	5B50	0000	45

mcc_generated_files/eusart1.c estimated size: 314

/opt/microchip/xc8/v2.05/pic/sources/c99/common/nf_fputs.c
		_fputs         		CODE           	5836	0000	57

/opt/microchip/xc8/v2.05/pic/sources/c99/common/nf_fputs.c estimated size: 57

mcc_generated_files/mcc.c
		_OSCILLATOR_Initialize		CODE           	5E80	0000	19
		_SYSTEM_Initialize		CODE           	5B7C	0000	43

mcc_generated_files/mcc.c estimated size: 62

app.c
		_APP_Initialize		CODE           	5EB0	0000	15
		_APP_Tasks     		CODE           	0074	0000	3853
		_clear_MC_port 		CODE           	5A3E	0000	49
		_MC_ReceivePacket		CODE           	490C	0000	229
		_MC_SendCommand		CODE           	50D2	0000	123

app.c estimated size: 4269

mcc_generated_files/tmr3.c
		_TMR3_ISR      		CODE           	56D6	0000	61
		_TMR3_Initialize		CODE           	578A	0000	59
		_TMR3_SetInterruptHandler		CODE           	5EBE	0000	11
		_TMR3_StopTimer		CODE           	5F78	0000	5
		_TMR3_DefaultInterruptHandler		CODE           	5DCA	0000	31
		_TMR3_WriteTimer		CODE           	5E20	0000	29
		_TMR3_StartTimer		CODE           	5F7C	0000	5

mcc_generated_files/tmr3.c estimated size: 201

/opt/microchip/xc8/v2.05/pic/sources/c99/common/fltol.c
		___fltol       		CODE           	4C60	0000	189

/opt/microchip/xc8/v2.05/pic/sources/c99/common/fltol.c estimated size: 189

/opt/microchip/xc8/v2.05/pic/sources/c99/common/abs.c
		_abs           		CODE           	597C	0000	51

/opt/microchip/xc8/v2.05/pic/sources/c99/common/abs.c estimated size: 51

mcc_generated_files/tmr1.c
		_TMR1_Initialize		CODE           	57C4	0000	59
		_TMR1_SetInterruptHandler		CODE           	5EC8	0000	11
		_TMR1_DefaultInterruptHandler		CODE           	5F6E	0000	7
		_TMR1_WriteTimer		CODE           	5E04	0000	29
		_TMR1_StartTimer		CODE           	5F84	0000	5
		_TMR1_ISR      		CODE           	5A6E	0000	49

mcc_generated_files/tmr1.c estimated size: 160

/opt/microchip/xc8/v2.05/pic/sources/c99/common/aodiv.c
		___aodiv       		CODE           	40E2	0000	329

/opt/microchip/xc8/v2.05/pic/sources/c99/common/aodiv.c estimated size: 329

/opt/microchip/xc8/v2.05/pic/sources/c99/common/islower.c
		_islower       		CODE           	59AE	0000	49

/opt/microchip/xc8/v2.05/pic/sources/c99/common/islower.c estimated size: 49

/opt/microchip/xc8/v2.05/pic/sources/c99/common/strspn.c
		_strspn        		CODE           	53B4	0000	81

/opt/microchip/xc8/v2.05/pic/sources/c99/common/strspn.c estimated size: 81

/opt/microchip/xc8/v2.05/pic/sources/c99/common/strtof.c
		_atof          		CODE           	5BD0	0000	41
		_strtof        		CODE           	1E0A	0000	3441

/opt/microchip/xc8/v2.05/pic/sources/c99/common/strtof.c estimated size: 3482

/opt/microchip/xc8/v2.05/pic/sources/c99/common/toupper.c
		_toupper       		CODE           	5588	0000	75

/opt/microchip/xc8/v2.05/pic/sources/c99/common/toupper.c estimated size: 75

/opt/microchip/xc8/v2.05/pic/sources/c99/common/isalpha.c
		_isalpha       		CODE           	5948	0000	53

/opt/microchip/xc8/v2.05/pic/sources/c99/common/isalpha.c estimated size: 53

main.c
		_main          		CODE           	5E6C	0000	21

main.c estimated size: 21

/opt/microchip/xc8/v2.05/pic/sources/c99/common/isspace.c
		_isspace       		CODE           	5698	0000	63

/opt/microchip/xc8/v2.05/pic/sources/c99/common/isspace.c estimated size: 63

/opt/microchip/xc8/v2.05/pic/sources/c99/common/doprnt.c
		_vfpfcnvrt     		CODE           	0F80	0000	3723
		_pad           		CODE           	4F1E	0000	151
		_ctoa          		CODE           	54F0	0000	79
		_dtoa          		CODE           	37A4	0000	585
		_vfprintf      		CODE           	52B6	0000	87
		_otoa          		CODE           	3F5E	0000	389
		_stoa          		CODE           	44AA	0000	319
		_utoa          		CODE           	3C22	0000	439
		_xtoa          		CODE           	39EC	0000	567

/opt/microchip/xc8/v2.05/pic/sources/c99/common/doprnt.c estimated size: 6339

